1 Q0 CSIRO172-13504926 19.27806147638466
1 Q0 CSIRO135-14748804 19.142558766687415
1 Q0 CSIRO141-07462445 18.23336140603502
1 Q0 CSIRO064-16488224 17.72495998567607
1 Q0 CSIRO257-08981865 17.639093762316804
1 Q0 CSIRO257-08983806 17.535106985579652
1 Q0 CSIRO071-10421055 17.475495641805153
1 Q0 CSIRO073-03367544 17.475495641805153
1 Q0 CSIRO078-13246308 17.475495641805153
1 Q0 CSIRO207-04838517 17.475495641805153
2 Q0 CSIRO145-13743697 61.39551024378818
2 Q0 CSIRO145-13752815 58.84677467239844
2 Q0 CSIRO147-00544211 58.752091614832494
2 Q0 CSIRO139-13102329 55.577173526806895
2 Q0 CSIRO147-00554535 54.75977356862312
2 Q0 CSIRO100-12788599 54.538026930509915
2 Q0 CSIRO197-05267675 53.73564610892467
2 Q0 CSIRO139-03285242 53.20206452973008
2 Q0 CSIRO197-05232217 52.857275131720954
2 Q0 CSIRO197-05330101 52.43563852843185
3 Q0 CSIRO072-04555921 16.165639041806156
3 Q0 CSIRO204-15876614 16.132289069895894
3 Q0 CSIRO068-09670314 16.057426352640654
3 Q0 CSIRO069-16276186 16.057426352640654
3 Q0 CSIRO071-02229768 16.057426352640654
3 Q0 CSIRO206-07395122 16.057426352640654
3 Q0 CSIRO131-12508173 15.842859652778287
3 Q0 CSIRO069-00507049 15.553809542880938
3 Q0 CSIRO073-02225034 15.553809542880938
3 Q0 CSIRO074-05996057 15.553809542880938
4 Q0 CSIRO069-10589328 15.416342429605834
4 Q0 CSIRO070-10819486 15.416342429605834
4 Q0 CSIRO120-02331653 15.371819196263115
4 Q0 CSIRO120-01557649 15.322094501254568
4 Q0 CSIRO068-02352366 15.303086037264912
4 Q0 CSIRO068-12630279 15.303086037264912
4 Q0 CSIRO070-02412330 15.303086037264912
4 Q0 CSIRO071-06013625 15.303086037264912
4 Q0 CSIRO072-11458595 15.303086037264912
4 Q0 CSIRO120-02380459 15.275541692793944
5 Q0 CSIRO172-04053687 9.6992369390628
5 Q0 CSIRO172-03993518 9.68331415452416
5 Q0 CSIRO145-11423992 9.68034518269241
5 Q0 CSIRO258-09588294 9.636089485532507
5 Q0 CSIRO172-04106155 9.625974804648724
5 Q0 CSIRO201-01055268 9.621314208035503
5 Q0 CSIRO172-04147836 9.59754422081207
5 Q0 CSIRO172-03957466 9.593616124576549
5 Q0 CSIRO145-08503971 9.588349230655822
5 Q0 CSIRO265-15334962 9.588349230655822
6 Q0 CSIRO139-15723114 17.13757047748711
6 Q0 CSIRO141-03652579 17.07724732472535
6 Q0 CSIRO131-12453311 17.058194459668357
6 Q0 CSIRO141-01156409 16.92955463277889
6 Q0 CSIRO141-01167626 16.79680477607927
6 Q0 CSIRO139-15735123 16.76705288505939
6 Q0 CSIRO140-02332128 16.748855905217653
6 Q0 CSIRO139-08792704 16.73731195505455
6 Q0 CSIRO131-00445965 16.65860810852719
6 Q0 CSIRO140-15028286 16.627663892135388
7 Q0 CSIRO145-04755872 45.44281085787734
7 Q0 CSIRO145-04767447 44.23334942164496
7 Q0 CSIRO140-14699594 44.07441244739013
7 Q0 CSIRO140-14710325 41.8554258383161
7 Q0 CSIRO138-16031141 41.640344251383304
7 Q0 CSIRO265-14667001 41.55146521314876
7 Q0 CSIRO138-15933953 40.723166607284504
7 Q0 CSIRO138-00368059 40.43929293623435
7 Q0 CSIRO138-00324936 40.2601294427582
7 Q0 CSIRO136-07094003 38.836515041636346
8 Q0 CSIRO145-04107048 49.557830179425935
8 Q0 CSIRO142-03623579 48.523012131943794
8 Q0 CSIRO138-12731406 48.32410737189822
8 Q0 CSIRO132-09000353 47.74580599835577
8 Q0 CSIRO145-04117894 47.70644343299975
8 Q0 CSIRO142-08429565 47.62525349498661
8 Q0 CSIRO142-03719362 46.1779344356767
8 Q0 CSIRO138-12671801 45.64007114152786
8 Q0 CSIRO139-03645257 45.479842864055954
8 Q0 CSIRO140-03095481 45.397455958523466
9 Q0 CSIRO145-12654089 25.020377014286773
9 Q0 CSIRO132-14671381 24.41383567417588
9 Q0 CSIRO137-11572465 24.10590231095188
9 Q0 CSIRO141-12695094 23.852196455226355
9 Q0 CSIRO265-12782890 23.84703905452684
9 Q0 CSIRO139-10491807 23.82821178487198
9 Q0 CSIRO265-13712391 23.442682117758338
9 Q0 CSIRO144-13309868 23.438579498564767
9 Q0 CSIRO144-09632763 23.357587921370932
9 Q0 CSIRO145-12663639 23.29111883772641
10 Q0 CSIRO172-10642573 37.12785415232881
10 Q0 CSIRO172-02832559 34.14462589670306
10 Q0 CSIRO142-15505758 23.40109589697916
10 Q0 CSIRO133-14238022 22.95647337882309
10 Q0 CSIRO266-01942855 22.943073680904085
10 Q0 CSIRO172-11447828 20.422032199523258
10 Q0 CSIRO079-16690874 19.077527957861037
10 Q0 CSIRO140-16046244 18.2562772708357
10 Q0 CSIRO080-00859298 17.699594420487635
10 Q0 CSIRO253-08478085 17.67656797229639
11 Q0 CSIRO265-13737772 31.31226293266071
11 Q0 CSIRO136-10880273 31.295943986661275
11 Q0 CSIRO189-10363826 30.228707241407918
11 Q0 CSIRO265-13832808 29.85088287274404
11 Q0 CSIRO138-11714134 28.624834031784054
11 Q0 CSIRO138-02022096 27.96492278301626
11 Q0 CSIRO265-13723951 24.8379819985078
11 Q0 CSIRO138-11655457 23.15330803625038
11 Q0 CSIRO265-13765361 22.17084571319169
11 Q0 CSIRO136-10500499 21.24647450020055
12 Q0 CSIRO136-16721497 21.089862822515997
12 Q0 CSIRO145-14671195 20.74131107944985
12 Q0 CSIRO140-00487925 20.60193319635811
12 Q0 CSIRO265-13544310 20.35436266091037
12 Q0 CSIRO139-07441665 19.645459284600097
12 Q0 CSIRO145-14681280 19.643416186761453
12 Q0 CSIRO140-00383584 19.640156292692964
12 Q0 CSIRO136-16757594 19.335486347627754
12 Q0 CSIRO140-01343549 19.089899106358448
12 Q0 CSIRO136-10465841 18.811585122103903
13 Q0 CSIRO145-08467429 31.008062964548152
13 Q0 CSIRO145-11099403 30.878145555032795
13 Q0 CSIRO172-15985711 30.298038145886306
13 Q0 CSIRO100-12641502 29.860604611767663
13 Q0 CSIRO145-11110519 29.40323516551166
13 Q0 CSIRO100-13400672 28.93986872090254
13 Q0 CSIRO145-13809452 28.52917563349034
13 Q0 CSIRO140-16431850 28.518120124494754
13 Q0 CSIRO145-08477954 28.411416523689816
13 Q0 CSIRO100-12320916 27.031639459386746
14 Q0 CSIRO144-16511938 27.55907897811052
14 Q0 CSIRO133-14619756 27.43483748428105
14 Q0 CSIRO143-02526342 27.276141886815864
14 Q0 CSIRO145-05763015 27.209998794961
14 Q0 CSIRO133-14454170 27.115738918195397
14 Q0 CSIRO142-14494983 26.91057123585691
14 Q0 CSIRO139-14395201 26.901772296520512
14 Q0 CSIRO216-05782841 26.860066559100062
14 Q0 CSIRO145-13845273 26.480750923326234
14 Q0 CSIRO144-16522043 26.448031267375463
15 Q0 CSIRO138-16386146 26.247331101459764
15 Q0 CSIRO148-02601824 25.88928669424232
15 Q0 CSIRO138-16292222 24.922060419209416
15 Q0 CSIRO126-16700093 24.168111258463973
15 Q0 CSIRO126-16771822 24.168111258463973
15 Q0 CSIRO126-08166550 23.624535958804195
15 Q0 CSIRO126-08177042 23.624535958804195
15 Q0 CSIRO126-05564260 23.447702010770094
15 Q0 CSIRO126-05551851 23.296433052469858
15 Q0 CSIRO126-08576136 22.906709914542073
16 Q0 CSIRO144-13414042 12.62052076012919
16 Q0 CSIRO063-01166546 12.619375524944504
16 Q0 CSIRO063-16638317 12.50682643364623
16 Q0 CSIRO144-13425706 12.114993223781566
16 Q0 CSIRO063-11749221 12.01754082158026
16 Q0 CSIRO063-06270299 11.999452930784724
16 Q0 CSIRO063-03137593 11.933421691990837
16 Q0 CSIRO063-06586016 11.925659785351819
16 Q0 CSIRO063-01410128 11.910707414357999
16 Q0 CSIRO170-14708039 11.838988335509327
17 Q0 CSIRO136-16410735 25.41347768825244
17 Q0 CSIRO146-15768808 24.65205558701769
17 Q0 CSIRO191-08037400 23.49968893535022
17 Q0 CSIRO146-15778903 21.94124504782299
17 Q0 CSIRO127-01745281 21.839665185092706
17 Q0 CSIRO100-10263479 21.678448956840825
17 Q0 CSIRO100-10310221 21.6667150041076
17 Q0 CSIRO126-12228999 20.975557386492003
17 Q0 CSIRO126-12361974 20.817828676109045
17 Q0 CSIRO126-03504642 20.13463011403243
18 Q0 CSIRO138-11705454 17.631948016899926
18 Q0 CSIRO112-08726461 17.30824336490982
18 Q0 CSIRO138-11613909 16.912061311600624
18 Q0 CSIRO136-00274327 16.779371792515448
18 Q0 CSIRO112-16164468 16.080588647570433
18 Q0 CSIRO081-04900273 15.978078012594107
18 Q0 CSIRO112-13422216 15.891480368290042
18 Q0 CSIRO139-00887299 15.833931735983906
18 Q0 CSIRO082-15982344 15.795023321087236
18 Q0 CSIRO082-15989359 15.795023321087236
19 Q0 CSIRO126-10496430 20.69781952982552
19 Q0 CSIRO174-11127949 17.793483011793732
19 Q0 CSIRO174-11139912 16.62549652661496
19 Q0 CSIRO135-08674632 3.687176975241128
20 Q0 CSIRO137-00421325 18.636394380975528
20 Q0 CSIRO112-08466172 18.29440050111959
20 Q0 CSIRO173-07027522 18.218517660845077
20 Q0 CSIRO173-07010524 18.183169943859113
20 Q0 CSIRO173-07064145 18.137088267281026
20 Q0 CSIRO112-08688255 18.106955716178497
20 Q0 CSIRO173-06143606 18.103261036884803
20 Q0 CSIRO173-07690174 18.087210999676543
20 Q0 CSIRO173-03691945 18.040115106465485
20 Q0 CSIRO112-08356390 17.992266359625333
21 Q0 CSIRO148-08066891 13.797711194606883
21 Q0 CSIRO117-06802164 13.771480000174671
21 Q0 CSIRO082-13878470 13.71461064171579
21 Q0 CSIRO148-08047603 13.662239103671457
21 Q0 CSIRO148-05876196 13.645087829341893
21 Q0 CSIRO146-00229090 13.64471544298498
21 Q0 CSIRO148-08623825 13.623280093865
21 Q0 CSIRO148-08546487 13.564503332938896
21 Q0 CSIRO148-05887072 13.542964729750594
21 Q0 CSIRO148-08389472 13.542964729750594
22 Q0 CSIRO129-05967640 29.047652652187033
22 Q0 CSIRO129-05824610 26.068446195240064
22 Q0 CSIRO137-03521572 25.765304469831968
22 Q0 CSIRO129-05942336 25.226787159716874
22 Q0 CSIRO129-05872876 25.14654056526683
22 Q0 CSIRO129-13385782 24.333275506861135
22 Q0 CSIRO125-08136645 24.13076852937097
22 Q0 CSIRO125-08219745 24.13076852937097
22 Q0 CSIRO129-06064522 23.700822082627724
22 Q0 CSIRO119-00024659 23.632014048342583
23 Q0 CSIRO134-03452581 14.246703878428159
23 Q0 CSIRO134-03328835 14.128616092705062
23 Q0 CSIRO135-04970609 13.996491409441122
23 Q0 CSIRO135-04905068 13.990209803708602
23 Q0 CSIRO133-14020219 13.83238346188206
23 Q0 CSIRO135-02659526 13.83238346188206
23 Q0 CSIRO135-03057758 13.576745549319416
23 Q0 CSIRO072-11415091 13.447951888345901
23 Q0 CSIRO134-05680457 13.378250415888793
23 Q0 CSIRO135-06276589 13.378250415888793
24 Q0 CSIRO146-07749737 43.77805593883032
24 Q0 CSIRO136-05063338 43.4078356765435
24 Q0 CSIRO146-07759652 43.24323262181747
24 Q0 CSIRO146-07652343 43.071544085998525
24 Q0 CSIRO134-05351828 42.89522915740383
24 Q0 CSIRO135-06175607 42.89522915740383
24 Q0 CSIRO146-07694552 42.86615482830447
24 Q0 CSIRO135-03116663 42.81949500948883
24 Q0 CSIRO133-14909186 42.38851316809837
24 Q0 CSIRO136-09705657 42.092869276844134
25 Q0 CSIRO093-05955853 14.491060631289113
25 Q0 CSIRO093-05960975 13.984062458131405
25 Q0 CSIRO092-04154994 13.957258522877288
25 Q0 CSIRO118-12778416 13.85173163327946
25 Q0 CSIRO125-13325346 13.468019070714627
25 Q0 CSIRO093-06012605 13.40001906272433
25 Q0 CSIRO093-05981933 13.386769509028355
25 Q0 CSIRO113-02945952 13.382100861838069
25 Q0 CSIRO092-05654031 13.304755195676952
25 Q0 CSIRO126-03372455 13.27655385636546
26 Q0 CSIRO092-04147959 20.17205212088598
26 Q0 CSIRO083-00053603 20.050887614356743
26 Q0 CSIRO092-03918193 19.963786413248805
26 Q0 CSIRO139-13136497 19.944548409467835
26 Q0 CSIRO095-12775209 19.84637971021496
26 Q0 CSIRO100-05791311 19.84471529680531
26 Q0 CSIRO095-13279616 19.766307234603794
26 Q0 CSIRO095-12211510 19.6498546614132
26 Q0 CSIRO139-08148971 19.592748904053664
26 Q0 CSIRO095-13282424 19.549195722282008
28 Q0 CSIRO137-09980442 41.60507288662282
28 Q0 CSIRO136-07288718 41.49507034017733
28 Q0 CSIRO136-07291930 41.49507034017733
28 Q0 CSIRO138-00516887 40.35938440698614
28 Q0 CSIRO137-10791903 36.42432796126731
28 Q0 CSIRO136-07850539 35.790913003743285
28 Q0 CSIRO136-07852688 35.790913003743285
28 Q0 CSIRO136-07854836 35.790913003743285
28 Q0 CSIRO136-07856984 35.790913003743285
28 Q0 CSIRO138-16114036 35.0222690157924
29 Q0 CSIRO136-08905097 24.173145563950353
29 Q0 CSIRO145-02664093 23.71987405299176
29 Q0 CSIRO138-09714038 23.617212368418755
29 Q0 CSIRO145-09132761 23.547076364524223
29 Q0 CSIRO145-14870761 23.186294461851247
29 Q0 CSIRO145-09143331 23.08302866256011
29 Q0 CSIRO145-14858168 22.86466498662695
29 Q0 CSIRO138-06258182 22.760872798058298
29 Q0 CSIRO138-09664611 22.247974036604777
29 Q0 CSIRO141-15221760 22.009717688536526
30 Q0 CSIRO096-00096605 16.166440640164137
30 Q0 CSIRO147-01506317 15.7325096650108
30 Q0 CSIRO144-16204081 15.2917866357105
30 Q0 CSIRO093-09237392 15.269698036143375
30 Q0 CSIRO093-09250877 15.215412457993398
30 Q0 CSIRO093-09337799 15.096221589566621
30 Q0 CSIRO138-10005210 15.020803113225458
30 Q0 CSIRO147-01516588 15.00377927525423
30 Q0 CSIRO126-10196158 14.999433173724563
30 Q0 CSIRO093-09268584 14.96732209536364
31 Q0 CSIRO146-16714478 18.530319023121866
31 Q0 CSIRO146-16723121 15.783813451443342
31 Q0 CSIRO265-12972466 14.319847263528013
31 Q0 CSIRO126-10226369 11.073338179077481
31 Q0 CSIRO126-10306002 10.92715483931645
31 Q0 CSIRO138-10271152 10.170398138602156
31 Q0 CSIRO134-12552008 8.95064572330077
31 Q0 CSIRO134-15483357 8.491529625823501
31 Q0 CSIRO133-04000254 8.336042168488873
31 Q0 CSIRO134-15511131 8.336042168488873
32 Q0 CSIRO082-09304288 22.68984852634873
32 Q0 CSIRO082-09309890 22.508920549173787
32 Q0 CSIRO082-09287330 22.241385673927127
32 Q0 CSIRO082-09247733 22.134683557907266
32 Q0 CSIRO145-10513660 22.121229142722594
32 Q0 CSIRO173-09501208 21.562922723674696
32 Q0 CSIRO082-09224288 21.47781055873503
32 Q0 CSIRO082-09314660 21.47781055873503
32 Q0 CSIRO082-09241321 21.091159390089828
32 Q0 CSIRO173-03561145 21.068029470205246
33 Q0 CSIRO142-06359739 27.75713529724772
33 Q0 CSIRO142-06297028 27.30485085428458
33 Q0 CSIRO148-13539697 27.27621602021513
33 Q0 CSIRO136-09774356 27.256473880702245
33 Q0 CSIRO136-09910321 26.977508871382007
33 Q0 CSIRO148-13544072 26.73457555214172
33 Q0 CSIRO137-03974983 26.50648649953244
33 Q0 CSIRO170-16543303 26.337390283176212
33 Q0 CSIRO170-14290061 26.28447550845003
33 Q0 CSIRO171-01436372 26.28447550845003
34 Q0 CSIRO131-14361754 17.41278183114693
34 Q0 CSIRO138-14335212 17.268778115718824
34 Q0 CSIRO136-10303052 17.1464729867308
34 Q0 CSIRO064-15834391 16.878268483965858
34 Q0 CSIRO177-07772027 16.81713481853839
34 Q0 CSIRO117-07988716 16.742903328089636
34 Q0 CSIRO178-11618120 16.61602292425615
34 Q0 CSIRO178-11620792 16.578797104693088
34 Q0 CSIRO138-14241750 16.507409352257966
34 Q0 CSIRO179-02823223 16.495645807974743
35 Q0 CSIRO137-09269452 18.83399758220743
35 Q0 CSIRO113-00255322 18.100732969573695
35 Q0 CSIRO113-00108147 17.5747736723972
35 Q0 CSIRO141-01433038 10.583684345264338
35 Q0 CSIRO144-12335500 8.785236980262441
35 Q0 CSIRO141-01443007 7.680389617133415
35 Q0 CSIRO140-16234022 7.373231118043477
35 Q0 CSIRO113-00340117 6.62802899522883
35 Q0 CSIRO112-05025993 6.339899864607376
35 Q0 CSIRO111-16597410 2.9314914227053572
36 Q0 CSIRO265-16672299 15.027647552314285
36 Q0 CSIRO137-12324651 15.002522679667672
36 Q0 CSIRO146-00672279 14.864237314710126
36 Q0 CSIRO142-15505758 14.864002479394989
36 Q0 CSIRO127-03657753 14.862125884549851
36 Q0 CSIRO127-03685189 14.862125884549851
36 Q0 CSIRO265-16441369 14.847479024000165
36 Q0 CSIRO170-13853360 14.823764108829106
36 Q0 CSIRO139-01240247 14.820458231432433
36 Q0 CSIRO139-02673576 14.820458231432433
37 Q0 CSIRO125-00193519 19.670781599248556
37 Q0 CSIRO145-09590550 19.637434248677877
37 Q0 CSIRO145-13989258 19.58456152745455
37 Q0 CSIRO125-00116825 19.45329524719716
37 Q0 CSIRO141-05657449 19.383483025498286
37 Q0 CSIRO137-03774872 19.352800649947433
37 Q0 CSIRO115-10879386 19.34759692619761
37 Q0 CSIRO116-16290607 19.270753529685354
37 Q0 CSIRO144-14922159 19.143036690968614
37 Q0 CSIRO117-10781215 19.041363502449173
38 Q0 CSIRO115-15866547 15.193313135877005
38 Q0 CSIRO127-02354980 15.117774607041289
38 Q0 CSIRO113-15372353 14.984480410224421
38 Q0 CSIRO137-07570100 14.944810487339284
38 Q0 CSIRO125-00000000 14.931325838612157
38 Q0 CSIRO135-11376172 14.931325838612157
38 Q0 CSIRO125-02178430 14.86896364739789
38 Q0 CSIRO127-02345642 14.749549715668115
38 Q0 CSIRO127-02395042 14.674996993369431
38 Q0 CSIRO136-15428000 14.658248275222288
39 Q0 CSIRO171-01956375 31.763566042479745
39 Q0 CSIRO130-03960328 31.66627272043691
39 Q0 CSIRO136-00192735 31.417788975563383
39 Q0 CSIRO171-00948078 31.417788975563383
39 Q0 CSIRO136-12841490 31.203843129648305
39 Q0 CSIRO138-02258065 31.19855011798193
39 Q0 CSIRO171-01928329 31.08807410134383
39 Q0 CSIRO135-15282980 31.019252501637524
39 Q0 CSIRO171-00937851 31.019252501637524
39 Q0 CSIRO130-03967125 30.813809781935312
40 Q0 CSIRO184-13012064 21.880266953825405
40 Q0 CSIRO184-14247277 21.806649641144517
40 Q0 CSIRO184-12968843 21.763619803545595
40 Q0 CSIRO184-13171528 21.75570980824088
40 Q0 CSIRO184-13167111 21.736240949986446
40 Q0 CSIRO184-12973034 21.73109637366793
40 Q0 CSIRO184-12982967 21.68658536163664
40 Q0 CSIRO184-12358366 21.671149449691093
40 Q0 CSIRO184-14279647 21.637921927135146
40 Q0 CSIRO184-12965530 21.637363933136594
41 Q0 CSIRO148-04661866 20.989560797706325
41 Q0 CSIRO144-13755689 20.93236844238301
41 Q0 CSIRO141-03940264 20.85357521961948
41 Q0 CSIRO148-04591632 20.68478226339741
41 Q0 CSIRO141-03846042 20.62468971340868
41 Q0 CSIRO148-04573244 20.62338746829328
41 Q0 CSIRO144-13766693 20.565131357601793
41 Q0 CSIRO148-04577620 20.547205304460306
41 Q0 CSIRO140-05461966 20.48286575367551
41 Q0 CSIRO148-04637485 20.453317396953302
42 Q0 CSIRO145-16055338 16.05037672304574
42 Q0 CSIRO124-07467254 16.007918870923824
42 Q0 CSIRO145-16066103 15.451378789117552
42 Q0 CSIRO137-11691589 15.210927990173365
42 Q0 CSIRO185-00610654 15.033129841650279
42 Q0 CSIRO185-10742374 14.964651462376963
42 Q0 CSIRO265-13866999 14.722710424052728
42 Q0 CSIRO185-01767219 14.683696969668956
42 Q0 CSIRO185-01735315 14.617783693799698
42 Q0 CSIRO136-10433040 14.552811915992699
43 Q0 CSIRO147-01333310 19.538221470161247
43 Q0 CSIRO144-16165505 19.502848884819613
43 Q0 CSIRO146-15698446 19.39873674009203
43 Q0 CSIRO139-04042631 19.29903789986169
43 Q0 CSIRO265-14042869 19.285477550394862
43 Q0 CSIRO144-16177407 18.969493772059288
43 Q0 CSIRO139-03983125 18.5011241553108
43 Q0 CSIRO147-01342115 18.21680240715435
43 Q0 CSIRO146-15707783 18.138120228509653
43 Q0 CSIRO136-00019753 17.392428660441173
44 Q0 CSIRO131-15724359 14.782848866360546
44 Q0 CSIRO131-15712661 14.695714628535168
44 Q0 CSIRO131-15799945 14.674262150133414
44 Q0 CSIRO131-15686987 14.626598216036697
44 Q0 CSIRO131-15699882 14.587906565750082
44 Q0 CSIRO131-15846347 14.565886969272295
44 Q0 CSIRO131-15824311 14.514496539425801
44 Q0 CSIRO131-16112167 14.506389709757592
44 Q0 CSIRO145-16299852 14.503869207981515
44 Q0 CSIRO131-15683995 14.494294201813048
45 Q0 CSIRO147-06256652 22.72277188259953
45 Q0 CSIRO104-12120934 21.92524990948871
45 Q0 CSIRO147-10331048 21.653716836010982
45 Q0 CSIRO119-13048487 19.291075127027263
45 Q0 CSIRO131-13573420 18.578818342192427
45 Q0 CSIRO147-11457087 17.36726350556348
45 Q0 CSIRO234-16492647 16.643631531832177
45 Q0 CSIRO235-00091082 16.438878966900198
45 Q0 CSIRO100-03777324 15.723836248585473
45 Q0 CSIRO129-08274176 15.607815499359495
46 Q0 CSIRO113-06236236 20.668112086127106
46 Q0 CSIRO130-14589358 20.35632353175103
46 Q0 CSIRO117-02558331 20.251414448509497
46 Q0 CSIRO113-06313454 20.225427982975372
46 Q0 CSIRO136-08303204 19.868787757923613
46 Q0 CSIRO145-10738768 19.713609218333342
46 Q0 CSIRO118-15916436 19.699554060133483
46 Q0 CSIRO117-10650236 19.63640418283562
46 Q0 CSIRO113-07739233 19.389064022219987
46 Q0 CSIRO113-06200974 19.260378739374907
47 Q0 CSIRO145-14490963 26.645935587909506
47 Q0 CSIRO142-08418287 26.331031743248523
47 Q0 CSIRO142-08358135 25.675150434152464
47 Q0 CSIRO145-14500450 25.30230120130911
47 Q0 CSIRO198-04623824 25.127806694293476
47 Q0 CSIRO145-01065122 24.824129775258573
47 Q0 CSIRO140-13510391 24.620321291606384
47 Q0 CSIRO137-00797099 24.51987078354835
47 Q0 CSIRO145-01076966 24.435754071339275
47 Q0 CSIRO137-03708039 23.806605280950038
48 Q0 CSIRO146-06407327 25.633533503389287
48 Q0 CSIRO140-00039089 25.00060948260652
48 Q0 CSIRO139-16754699 24.22166713641196
48 Q0 CSIRO146-04501896 23.428333422290386
48 Q0 CSIRO138-03611465 23.330262799365464
48 Q0 CSIRO145-09420609 21.902616579200586
48 Q0 CSIRO145-10624084 21.637589400088352
48 Q0 CSIRO145-09412278 21.038704320352537
48 Q0 CSIRO146-04487563 20.948017288697955
48 Q0 CSIRO145-10634137 20.74655169932468
49 Q0 CSIRO119-02524526 8.427723664515542
49 Q0 CSIRO140-06474228 8.40979821401399
49 Q0 CSIRO120-01949967 8.38849568234997
49 Q0 CSIRO141-01995075 8.36978327176544
49 Q0 CSIRO172-05405478 8.329348919536457
49 Q0 CSIRO145-15585815 8.3034935296801
49 Q0 CSIRO196-14395623 8.296797954935707
49 Q0 CSIRO140-06484033 8.294612707168406
49 Q0 CSIRO088-09723762 8.281860487023373
49 Q0 CSIRO124-07483409 8.26879294828153
50 Q0 CSIRO141-05514136 19.94044987422186
50 Q0 CSIRO144-16021163 19.936523958079142
50 Q0 CSIRO141-05420421 19.768053402491127
50 Q0 CSIRO136-11675287 19.70321254724368
50 Q0 CSIRO144-16031155 19.680146852326178
50 Q0 CSIRO138-02880072 19.576375696926327
50 Q0 CSIRO147-06540842 19.491371047764623
50 Q0 CSIRO140-04528831 19.484250928565405
50 Q0 CSIRO136-12752648 19.41926686009861
50 Q0 CSIRO147-08666101 19.409820655527383
