1 0.5607098968218143
10 0.6666666666666666
11 0.5153831419061767
12 0.19031326377064928
13 0.35426235314761134
14 0.8072250913944677
15 0.7687050055311223
16 0.38062652754129855
17 0.41853438142825716
18 0.0
19 0.09515663188532464
2 1.0
20 0.7782533634377806
21 0.6686801721812007
22 0.9222066591299499
23 0.4699814248469511
24 0.9427099990323233
25 0.29212699543973736
26 0.4020627108043161
27 0.0
28 0.6291823857623795
29 0.9427099990323233
3 0.5778015144195147
30 0.4379165285089752
31 0.6849325103774327
32 0.48919978625722127
33 0.3175073268744665
34 0.7746696819131951
35 0.7202097347746529
36 0.49624520312354914
37 1.0
38 0.8265737305032477
39 0.46758029455139777
4 0.9427099990323233
40 0.750350414076747
41 0.0
42 0.12007430061219553
43 0.9427099990323233
44 0.4392620215404083
45 0.5574384029335986
46 0.9048433681146754
47 0.8021241849682899
48 0.9713549995161617
49 0.6010523889762645
5 0.5636342043645555
50 0.36034710253274743
6 0.31038756438284476
7 0.966104523821455
8 1.0
9 1.0
