1 0.29491582629956103
10 0.0
11 0.2027720981340847
12 0.0
13 0.24469288929210561
14 0.19031326377064928
15 0.028645000483838324
16 0.19031326377064928
17 0.0
18 0.0
19 0.18521235734447125
2 0.7240784622506845
20 0.028645000483838324
21 0.19031326377064928
22 0.7303208549027862
23 0.0
24 0.0
25 0.0
26 0.0
27 0.2327906732871336
28 0.2485558582210809
29 0.0
3 0.0
30 0.0
31 0.0
32 0.0
33 0.0
34 0.13398709812258996
35 0.19031326377064928
36 0.1278281026631878
37 0.0
38 0.0
39 0.09425935395749156
4 0.0
40 0.0
41 0.12007430061219553
42 0.0
43 0.0
44 0.0
45 0.1371146218688283
46 0.0
47 0.06003715030609776
48 0.21523093249752012
49 0.036811610171821725
5 0.05729000096767665
50 0.2220321410657575
6 0.0
7 0.19031326377064928
8 0.5583837286698488
9 0.4379165285089752
