1 0.7965551553501987
10 0.6666666666666666
11 0.5153831419061767
12 0.06343775459021642
13 0.27497900347452514
14 0.6084184904629865
15 1.0
16 0.2854698956559739
17 0.34815994158688596
18 0.5248037381272901
19 0.09515663188532464
2 1.0
20 0.8409293167830814
21 0.812284316299243
22 1.0
23 0.533895476178545
24 0.9427099990323233
25 0.0
26 0.5937361767103038
27 0.0
28 0.706465921919114
29 0.9251227931232265
3 0.19915513598731394
30 0.501653421636249
31 0.6849325103774327
32 0.4625899889377555
33 0.694882819400175
34 0.7704995613867884
35 0.7202097347746529
36 0.8270500272446253
37 1.0
38 0.7420870346621921
39 0.9222066591299499
4 0.48381383387959703
40 1.0
41 1.0
42 0.46126921381050207
43 0.9427099990323233
44 0.06003715030609776
45 0.5574384029335986
46 0.9048433681146754
47 0.7860682965463966
48 0.9699814248469512
49 0.6051456478644126
5 0.9682811227048919
50 0.8946579023612484
6 0.3471991745546665
7 1.0
8 0.9524216840573377
9 1.0
