1 Q0 CSIRO080-11702240 337.45360763131487
1 Q0 CSIRO117-07988716 274.1887519839018
1 Q0 CSIRO105-06204688 254.90426922516843
1 Q0 CSIRO105-14234401 254.90426922516843
1 Q0 CSIRO105-14411730 254.90426922516843
1 Q0 CSIRO105-14448227 254.90426922516843
1 Q0 CSIRO105-14508912 254.90426922516843
1 Q0 CSIRO105-14552755 254.90426922516843
1 Q0 CSIRO105-14596617 254.90426922516843
1 Q0 CSIRO063-00587531 233.77493983091892
2 Q0 CSIRO065-01181660 1168.4027949287263
2 Q0 CSIRO065-00551148 1154.849913858283
2 Q0 CSIRO100-12611431 566.6683436467112
2 Q0 CSIRO100-13347479 540.3843936348189
2 Q0 CSIRO145-13752815 459.16538313052814
2 Q0 CSIRO135-08387104 458.7592957662835
2 Q0 CSIRO197-01012280 458.7592957662835
2 Q0 CSIRO145-13743697 375.39516150018073
2 Q0 CSIRO197-05330101 355.60820033855777
2 Q0 CSIRO147-00554535 343.78040299955234
3 Q0 CSIRO130-14890055 2909.3153535617666
3 Q0 CSIRO254-13749709 1341.5061153865508
3 Q0 CSIRO117-05295452 1244.1917825677292
3 Q0 CSIRO130-11999758 1175.9354563400452
3 Q0 CSIRO116-01694148 893.0345227360187
3 Q0 CSIRO117-08224690 823.3481146142035
3 Q0 CSIRO116-10324076 812.3922835283429
3 Q0 CSIRO130-07840574 807.440649899424
3 Q0 CSIRO130-09695170 764.2455472250497
3 Q0 CSIRO112-01327399 742.3338850533285
4 Q0 CSIRO136-06623445 4740.196803801811
4 Q0 CSIRO130-08278681 4661.876140571658
4 Q0 CSIRO119-15851275 3054.7312951819736
4 Q0 CSIRO119-15546632 2892.7453890713605
4 Q0 CSIRO119-16527081 2813.7805177015516
4 Q0 CSIRO130-08884482 2688.281587886785
4 Q0 CSIRO120-01032503 2397.5362497636233
4 Q0 CSIRO135-13201225 2397.5362497636233
4 Q0 CSIRO130-07040949 2184.933103841338
4 Q0 CSIRO130-07974734 2083.6748027045023
5 Q0 CSIRO257-03932692 2441.404485951818
5 Q0 CSIRO257-04398159 907.5853107627577
5 Q0 CSIRO257-03179665 884.8956779936888
5 Q0 CSIRO257-04292639 884.8956779936888
5 Q0 CSIRO119-16070692 757.8337344869027
5 Q0 CSIRO116-03668055 703.3786158411372
5 Q0 CSIRO257-03348730 667.0752034106268
5 Q0 CSIRO130-08278681 644.3855706415579
5 Q0 CSIRO147-04594634 553.6270395652822
5 Q0 CSIRO257-03057308 540.0132599038408
6 Q0 CSIRO130-14890055 1219.6206313588527
6 Q0 CSIRO117-05295452 1117.909578733556
6 Q0 CSIRO116-10828670 807.2598325350721
6 Q0 CSIRO112-01327399 695.929333479505
6 Q0 CSIRO112-00344023 686.1118779481629
6 Q0 CSIRO130-11999758 665.2548437603172
6 Q0 CSIRO062-16755924 654.4473427236165
6 Q0 CSIRO112-01427811 624.9381952650381
6 Q0 CSIRO130-08278681 606.4068914368173
6 Q0 CSIRO112-01146034 577.5371959730958
7 Q0 CSIRO145-04767447 325.1566769518232
7 Q0 CSIRO136-06425377 315.4418716931115
7 Q0 CSIRO145-04755872 257.69488936529746
7 Q0 CSIRO140-14710325 246.67006999252874
7 Q0 CSIRO112-14413479 229.72103906610192
7 Q0 CSIRO265-14667001 209.50989496408755
7 Q0 CSIRO132-11952760 208.42620731913797
7 Q0 CSIRO138-00000000 198.49719832208456
7 Q0 CSIRO138-15933953 189.74944144539302
7 Q0 CSIRO140-14699594 188.78452889246526
8 Q0 CSIRO135-16682657 1300.0636801894725
8 Q0 CSIRO140-03095481 449.9017775384575
8 Q0 CSIRO142-03623579 413.1292904877363
8 Q0 CSIRO142-08429565 388.3186694047458
8 Q0 CSIRO145-10786692 364.4217969573472
8 Q0 CSIRO136-06425377 357.89566473803086
8 Q0 CSIRO145-04117894 325.46912707744366
8 Q0 CSIRO142-03719362 310.9949199643481
8 Q0 CSIRO139-03645257 292.892263464577
8 Q0 CSIRO138-12671801 284.93944983631843
9 Q0 CSIRO190-04473040 923.2887578717498
9 Q0 CSIRO190-08809817 755.6624801106384
9 Q0 CSIRO139-12218544 301.89932345146343
9 Q0 CSIRO112-02825901 272.381240307263
9 Q0 CSIRO139-14644628 218.13142920777472
9 Q0 CSIRO135-09430735 213.2291451216952
9 Q0 CSIRO144-13309868 194.5180415958169
9 Q0 CSIRO145-12663639 187.9358421218044
9 Q0 CSIRO145-12555733 184.79460944491692
9 Q0 CSIRO140-14852036 184.28648148858952
10 Q0 CSIRO080-00859298 2527.9684470439906
10 Q0 CSIRO079-16690874 1550.3585046993717
10 Q0 CSIRO172-02832559 1040.5196543368545
10 Q0 CSIRO172-10642573 867.7572671025557
10 Q0 CSIRO170-10689518 239.38273710234517
10 Q0 CSIRO113-08727707 183.01658453281158
10 Q0 CSIRO118-13051123 141.3264260268286
10 Q0 CSIRO135-15050009 140.96271609060184
10 Q0 CSIRO130-11999758 127.79359163466201
10 Q0 CSIRO179-11087714 106.96896999090418
11 Q0 CSIRO266-04184084 12134.104817904408
11 Q0 CSIRO135-09430735 993.8683394171345
11 Q0 CSIRO130-09148901 676.8139529921785
11 Q0 CSIRO131-16185860 607.0699467336302
11 Q0 CSIRO189-10823696 583.8787270239447
11 Q0 CSIRO138-03830834 526.9325175344906
11 Q0 CSIRO131-14870792 486.18058456522084
11 Q0 CSIRO136-10500499 479.2682063423755
11 Q0 CSIRO135-12129360 448.25586653630785
11 Q0 CSIRO137-03152831 425.7984347678582
12 Q0 CSIRO148-02004016 954.9553937243073
12 Q0 CSIRO190-04473040 861.1091327171496
12 Q0 CSIRO135-09089936 553.4626224690287
12 Q0 CSIRO101-09172830 544.1464890400156
12 Q0 CSIRO172-12100923 541.8407109349938
12 Q0 CSIRO113-06528419 509.114459538186
12 Q0 CSIRO135-08674632 499.53901020052206
12 Q0 CSIRO113-06408253 422.4645958728714
12 Q0 CSIRO135-09430735 383.8442412591837
12 Q0 CSIRO111-15717287 372.6874347697785
13 Q0 CSIRO190-04473040 6909.724847301265
13 Q0 CSIRO266-04184084 1309.649895763939
13 Q0 CSIRO190-05231838 1121.638449762917
13 Q0 CSIRO190-05543411 699.7245349008831
13 Q0 CSIRO190-02018011 443.230959796159
13 Q0 CSIRO189-14357621 301.2536005423509
13 Q0 CSIRO135-13102894 296.41561217766167
13 Q0 CSIRO189-16162365 293.70027689625994
13 Q0 CSIRO135-09430735 239.91725146951615
13 Q0 CSIRO131-16185860 238.12704740117638
14 Q0 CSIRO136-04753982 974.2537836042088
14 Q0 CSIRO130-11999758 589.7749254867203
14 Q0 CSIRO063-00587531 567.5141122824202
14 Q0 CSIRO063-12284524 567.5141122824202
14 Q0 CSIRO112-02825901 541.3147007277687
14 Q0 CSIRO190-04473040 475.99287892705723
14 Q0 CSIRO133-14454170 402.5366516008982
14 Q0 CSIRO133-14619756 382.40462076226845
14 Q0 CSIRO180-15517031 359.31875093399003
14 Q0 CSIRO130-14890055 357.7716941803298
15 Q0 CSIRO111-10895534 1289.5756924260538
15 Q0 CSIRO115-16611679 1003.718123676703
15 Q0 CSIRO116-01863712 990.2361189116848
15 Q0 CSIRO113-08092669 927.0468070644182
15 Q0 CSIRO063-00587531 739.193524147809
15 Q0 CSIRO063-12284524 739.193524147809
15 Q0 CSIRO130-11999758 625.8784293411373
15 Q0 CSIRO119-15851275 611.6837952914666
15 Q0 CSIRO117-05295452 599.0212894544122
15 Q0 CSIRO130-08278681 579.9948563288415
16 Q0 CSIRO063-04799107 813.6178402929444
16 Q0 CSIRO063-01287368 419.52169890104943
16 Q0 CSIRO062-16755924 400.45253076918357
16 Q0 CSIRO063-01220978 311.46307948714275
16 Q0 CSIRO063-03137593 273.324743223411
16 Q0 CSIRO063-04705680 266.9683538461224
16 Q0 CSIRO063-03163878 203.4044600732361
16 Q0 CSIRO063-16638317 177.97890256408158
16 Q0 CSIRO064-01969414 158.90973443221569
16 Q0 CSIRO063-03249741 133.4841769230612
17 Q0 CSIRO116-02875559 908.0273843138306
17 Q0 CSIRO112-02825901 871.215112741864
17 Q0 CSIRO189-13288140 744.8060081887023
17 Q0 CSIRO189-13779527 592.2545232672521
17 Q0 CSIRO127-02142395 551.2797026593438
17 Q0 CSIRO190-06229998 549.0625878161434
17 Q0 CSIRO189-11176189 527.4016949824147
17 Q0 CSIRO062-13043554 527.0533347239896
17 Q0 CSIRO127-02060157 524.2243999465836
17 Q0 CSIRO115-16611679 523.6663546805389
18 Q0 CSIRO095-03188221 1802.4896169185847
18 Q0 CSIRO173-09395701 983.3026919511394
18 Q0 CSIRO136-00274327 974.586533346069
18 Q0 CSIRO173-13419999 837.9736416572712
18 Q0 CSIRO112-02825901 489.606113904893
18 Q0 CSIRO173-13329840 480.82274756429047
18 Q0 CSIRO174-03812780 445.358106648007
18 Q0 CSIRO174-06224764 348.97995131858227
18 Q0 CSIRO173-09455080 344.9442778425588
18 Q0 CSIRO173-13301001 330.4024117817677
19 Q0 CSIRO135-08674632 268.90442517953386
19 Q0 CSIRO126-10496430 42.69037429230312
19 Q0 CSIRO174-11127949 26.6677546571312
19 Q0 CSIRO174-11139912 21.071139279801084
20 Q0 CSIRO173-03867244 1391.4778873630187
20 Q0 CSIRO173-04157429 1377.0698529051726
20 Q0 CSIRO173-06437291 1367.0750786359654
20 Q0 CSIRO173-06275593 1362.6618184473268
20 Q0 CSIRO173-05971705 1216.5047214640904
20 Q0 CSIRO173-03270094 1192.8807486649907
20 Q0 CSIRO100-11414531 1048.2791724911567
20 Q0 CSIRO112-08388668 998.1769291881301
20 Q0 CSIRO173-05342509 915.364007120341
20 Q0 CSIRO173-06610015 910.1719110037486
21 Q0 CSIRO117-06802164 1651.8128718039343
21 Q0 CSIRO148-05896809 1056.6252378340957
21 Q0 CSIRO190-06229998 983.0627212760256
21 Q0 CSIRO148-05195046 595.1876339698387
21 Q0 CSIRO148-12279017 595.1876339698387
21 Q0 CSIRO180-14764155 568.4376279487224
21 Q0 CSIRO148-05059532 541.687621927606
21 Q0 CSIRO116-02207616 501.56261289593147
21 Q0 CSIRO082-12305470 321.0000722533961
21 Q0 CSIRO135-13693370 280.87506322172163
22 Q0 CSIRO129-15777022 594.0522039716931
22 Q0 CSIRO129-15692205 435.62395368973193
22 Q0 CSIRO129-05872876 387.1313313352595
22 Q0 CSIRO113-05349689 344.9664328724572
22 Q0 CSIRO129-02670231 262.3060368179531
22 Q0 CSIRO129-05967640 197.73916784538096
22 Q0 CSIRO127-10023942 187.72276261877806
22 Q0 CSIRO129-05824610 179.1608199206305
22 Q0 CSIRO114-02566640 153.07016807592794
22 Q0 CSIRO148-05195046 149.73136633372698
23 Q0 CSIRO266-04184084 1846.6828701792592
23 Q0 CSIRO180-15517031 1292.275637734826
23 Q0 CSIRO063-00587531 1070.170065197135
23 Q0 CSIRO063-12284524 1070.170065197135
23 Q0 CSIRO102-02437526 910.8313578994621
23 Q0 CSIRO146-07198309 873.0144088813707
23 Q0 CSIRO102-02239142 843.4500766428605
23 Q0 CSIRO190-04473040 833.4041542649647
23 Q0 CSIRO189-08086680 813.3749500930466
23 Q0 CSIRO112-04482173 804.8641734034376
24 Q0 CSIRO266-04184084 1851.6208391048385
24 Q0 CSIRO136-00770129 1498.869639982208
24 Q0 CSIRO146-07198309 1271.5622240117386
24 Q0 CSIRO180-15517031 1125.0531001761906
24 Q0 CSIRO112-04482173 838.5394153684496
24 Q0 CSIRO135-08674632 744.896382695701
24 Q0 CSIRO135-09430735 706.9836444947049
24 Q0 CSIRO146-07694552 625.1209690877813
24 Q0 CSIRO146-07652343 560.9707808237708
24 Q0 CSIRO135-09089936 545.1035370068303
25 Q0 CSIRO266-04184084 2165.34126449457
25 Q0 CSIRO094-04057802 1390.9539041786634
25 Q0 CSIRO190-04473040 1107.5731385028007
25 Q0 CSIRO189-08086680 934.5118490070749
25 Q0 CSIRO112-04482173 804.9905233392236
25 Q0 CSIRO095-03048895 583.9647887375962
25 Q0 CSIRO116-03214911 502.6353208418751
25 Q0 CSIRO189-13288140 484.156224185833
25 Q0 CSIRO130-11999758 474.78304832780714
25 Q0 CSIRO189-10072187 409.5273815480405
26 Q0 CSIRO098-02588672 1913.7018793689067
26 Q0 CSIRO095-04924761 1029.015988657709
26 Q0 CSIRO098-02336849 946.9505930839783
26 Q0 CSIRO092-00722931 878.4483237652211
26 Q0 CSIRO098-03196317 810.4008087568902
26 Q0 CSIRO098-03421637 770.7994223549898
26 Q0 CSIRO095-03974085 670.6709749582235
26 Q0 CSIRO095-02187823 659.5305127743524
26 Q0 CSIRO095-02113798 646.890075401127
26 Q0 CSIRO095-02655713 646.890075401127
28 Q0 CSIRO138-00516887 210.1792215369193
28 Q0 CSIRO136-00770129 208.3828931378482
28 Q0 CSIRO137-09980442 171.74405200690728
28 Q0 CSIRO112-02825901 170.6488699206136
28 Q0 CSIRO138-16051510 156.74680099749554
28 Q0 CSIRO138-16114036 156.74680099749554
28 Q0 CSIRO136-07288718 148.27850130815074
28 Q0 CSIRO136-07291930 148.27850130815074
28 Q0 CSIRO136-00583351 142.2167223966128
28 Q0 CSIRO137-08631829 132.99851863781547
29 Q0 CSIRO135-15644420 247.7416398576813
29 Q0 CSIRO145-02664093 216.118962294933
29 Q0 CSIRO145-02701914 169.60753944851996
29 Q0 CSIRO145-14870761 168.17077049417264
29 Q0 CSIRO145-02653126 166.91714418265647
29 Q0 CSIRO145-09143331 163.98728742440179
29 Q0 CSIRO142-13727585 153.9440908381215
29 Q0 CSIRO142-13790810 153.9440908381215
29 Q0 CSIRO145-09132761 138.04118073533175
29 Q0 CSIRO135-15750375 130.44891792252372
30 Q0 CSIRO098-00000000 249.74706040995184
30 Q0 CSIRO093-07963021 210.72408222089686
30 Q0 CSIRO119-13452374 179.5056996696529
30 Q0 CSIRO120-02910551 179.5056996696529
30 Q0 CSIRO093-09250877 132.67812584278693
30 Q0 CSIRO147-01506317 132.67812584278693
30 Q0 CSIRO147-01516588 132.67812584278693
30 Q0 CSIRO093-04635572 124.87353020497592
30 Q0 CSIRO093-09312233 117.06893456716493
30 Q0 CSIRO093-07107837 109.26433892935393
31 Q0 CSIRO265-12972466 52.82546157142874
31 Q0 CSIRO146-16714478 42.26036925714299
31 Q0 CSIRO146-16723121 42.26036925714299
31 Q0 CSIRO136-05065446 31.69527694285724
31 Q0 CSIRO136-05449318 31.69527694285724
31 Q0 CSIRO136-05968116 31.69527694285724
31 Q0 CSIRO136-07447980 31.69527694285724
31 Q0 CSIRO126-10226369 10.565092314285748
31 Q0 CSIRO126-10306002 10.565092314285748
31 Q0 CSIRO132-06056228 10.565092314285748
32 Q0 CSIRO130-09695170 925.3730077647401
32 Q0 CSIRO082-06882168 605.6418350632017
32 Q0 CSIRO112-08388668 508.5663575341811
32 Q0 CSIRO173-03867244 481.340060494516
32 Q0 CSIRO173-04157429 481.340060494516
32 Q0 CSIRO082-07908993 430.8307032917324
32 Q0 CSIRO173-06437291 369.06999448162264
32 Q0 CSIRO173-06275593 363.3972735409394
32 Q0 CSIRO116-10324076 361.86978740295535
32 Q0 CSIRO173-05342509 346.37911071888976
33 Q0 CSIRO142-06297028 507.777267952193
33 Q0 CSIRO171-10722853 490.20303057221713
33 Q0 CSIRO170-14290061 462.15151126221394
33 Q0 CSIRO171-01436372 462.15151126221394
33 Q0 CSIRO142-06359739 454.7182533224747
33 Q0 CSIRO170-12262283 331.02598668306234
33 Q0 CSIRO171-10831632 282.5330080387763
33 Q0 CSIRO136-00770129 263.4367586636564
33 Q0 CSIRO156-16328682 256.3398032137079
33 Q0 CSIRO150-08005161 225.75736443918842
34 Q0 CSIRO117-07988716 4233.266216512299
34 Q0 CSIRO179-11087714 214.66867223693203
34 Q0 CSIRO138-14241750 145.97469712111376
34 Q0 CSIRO138-14335212 145.97469712111376
34 Q0 CSIRO131-14361754 120.21445645268193
34 Q0 CSIRO064-15834391 103.04096267372736
34 Q0 CSIRO136-10303052 85.86746889477281
34 Q0 CSIRO063-00042218 60.107228226340965
34 Q0 CSIRO175-12740705 60.107228226340965
34 Q0 CSIRO064-12479950 51.52048133686368
35 Q0 CSIRO137-09269452 68.02969321511537
35 Q0 CSIRO113-00255322 56.69141101259615
35 Q0 CSIRO111-16597410 34.014846607557686
35 Q0 CSIRO113-00108147 22.67656440503846
35 Q0 CSIRO112-05025993 11.33828220251923
35 Q0 CSIRO113-00340117 11.33828220251923
35 Q0 CSIRO137-08054367 11.33828220251923
35 Q0 CSIRO140-16234022 11.33828220251923
35 Q0 CSIRO141-01433038 11.33828220251923
35 Q0 CSIRO141-01443007 11.33828220251923
36 Q0 CSIRO265-10453417 337.49299639417876
36 Q0 CSIRO142-15505758 315.9508902413589
36 Q0 CSIRO137-12324651 222.6017635791392
36 Q0 CSIRO171-03294682 222.6017635791392
36 Q0 CSIRO265-10552939 222.6017635791392
36 Q0 CSIRO171-02228403 208.24035947725926
36 Q0 CSIRO170-12650057 201.0596574263193
36 Q0 CSIRO170-13853360 201.0596574263193
36 Q0 CSIRO141-08736692 186.69825332443932
36 Q0 CSIRO156-14645050 186.69825332443932
37 Q0 CSIRO006-15719724 3276.578197038522
37 Q0 CSIRO035-12774803 3276.578197038522
37 Q0 CSIRO035-13669209 3276.578197038522
37 Q0 CSIRO038-04148699 2830.023071767174
37 Q0 CSIRO038-05654757 2830.023071767174
37 Q0 CSIRO038-07160814 2830.023071767174
37 Q0 CSIRO116-04766989 2772.1179510773045
37 Q0 CSIRO037-12826380 2298.7999844106594
37 Q0 CSIRO007-03464934 2188.3041750011325
37 Q0 CSIRO035-14563614 2188.3041750011325
38 Q0 CSIRO117-06151790 2999.8919175004758
38 Q0 CSIRO117-00548741 2562.163290229515
38 Q0 CSIRO116-02052958 2222.574906548773
38 Q0 CSIRO116-15178101 1943.5204891060862
38 Q0 CSIRO116-02875559 1535.262898750858
38 Q0 CSIRO115-09761611 1441.940810634191
38 Q0 CSIRO116-15388385 1373.84410835766
38 Q0 CSIRO116-01694148 1253.181941719
38 Q0 CSIRO116-14126667 1244.0354461298768
38 Q0 CSIRO116-04766989 1243.728635044285
39 Q0 CSIRO171-01956375 826.0821942328821
39 Q0 CSIRO136-00192735 710.1794297136764
39 Q0 CSIRO171-00948078 710.1794297136764
39 Q0 CSIRO171-01928329 539.4820477473149
39 Q0 CSIRO135-15282980 524.2037765000779
39 Q0 CSIRO171-00937851 524.2037765000779
39 Q0 CSIRO130-03960328 498.9150925822133
39 Q0 CSIRO130-03967125 321.89924307405937
39 Q0 CSIRO136-12841490 283.43844375622183
39 Q0 CSIRO138-02258065 268.1601725089848
40 Q0 CSIRO183-15213741 2409.6041840357184
40 Q0 CSIRO180-15517031 1277.8838988467783
40 Q0 CSIRO180-14984809 479.8417812619497
40 Q0 CSIRO180-16474118 362.618993367382
40 Q0 CSIRO182-10348542 328.8706338299696
40 Q0 CSIRO182-10405532 328.8706338299696
40 Q0 CSIRO182-10584498 328.8706338299696
40 Q0 CSIRO182-10670411 328.8706338299696
40 Q0 CSIRO182-10376659 318.057514036851
40 Q0 CSIRO182-10436190 318.057514036851
41 Q0 CSIRO130-11999758 3802.050955296108
41 Q0 CSIRO130-09695170 3372.492578169691
41 Q0 CSIRO130-09148901 2186.6094837685346
41 Q0 CSIRO130-06307088 2043.2474720873663
41 Q0 CSIRO130-07181385 1948.1949622014668
41 Q0 CSIRO130-13459112 1485.9290695640327
41 Q0 CSIRO130-06028223 1173.941753443268
41 Q0 CSIRO130-06584482 990.3350620675006
41 Q0 CSIRO130-10332504 887.7453879980194
41 Q0 CSIRO116-10749199 747.2375394331465
42 Q0 CSIRO180-15517031 1941.2951976867826
42 Q0 CSIRO147-03954897 966.6541574587366
42 Q0 CSIRO113-05014969 935.7977827362108
42 Q0 CSIRO119-13271741 847.1936390004741
42 Q0 CSIRO120-02748594 847.1936390004741
42 Q0 CSIRO119-09941280 678.646035118139
42 Q0 CSIRO120-00000860 594.8066133110697
42 Q0 CSIRO120-03379033 521.8466543099433
42 Q0 CSIRO266-04184084 513.9739710750426
42 Q0 CSIRO119-08402314 487.8530940687182
43 Q0 CSIRO135-13102894 282.6238908436438
43 Q0 CSIRO265-14042869 233.89563380163625
43 Q0 CSIRO144-16177407 194.91302816803022
43 Q0 CSIRO144-16165505 175.4217253512272
43 Q0 CSIRO139-03983125 146.18477112602267
43 Q0 CSIRO139-04042631 136.43911971762114
43 Q0 CSIRO146-15698446 107.20216549241661
43 Q0 CSIRO146-15707783 107.20216549241661
43 Q0 CSIRO147-01333310 107.20216549241661
43 Q0 CSIRO147-01342115 107.20216549241661
44 Q0 CSIRO131-16112167 1040.9589398841208
44 Q0 CSIRO131-16070992 957.682224693391
44 Q0 CSIRO131-16152761 957.682224693391
44 Q0 CSIRO135-12671353 610.6959113986842
44 Q0 CSIRO131-15733583 589.8767326010018
44 Q0 CSIRO131-15777963 562.1178275374252
44 Q0 CSIRO130-00910168 513.5397436761663
44 Q0 CSIRO130-03746486 499.66029114437794
44 Q0 CSIRO131-16003581 485.78083861258966
44 Q0 CSIRO131-15686987 451.082207283119
45 Q0 CSIRO080-09550914 804.7360967166624
45 Q0 CSIRO147-03954897 436.4657704625385
45 Q0 CSIRO119-13048487 290.0325077415449
45 Q0 CSIRO098-02588672 280.40577141119314
45 Q0 CSIRO112-02672996 254.93774140174608
45 Q0 CSIRO104-12120934 222.6115507753662
45 Q0 CSIRO170-10689518 205.77213120047517
45 Q0 CSIRO253-10741310 200.65278106785817
45 Q0 CSIRO147-06699714 182.52615495658824
45 Q0 CSIRO062-12690993 177.79296678488495
46 Q0 CSIRO130-14589358 10305.968454504104
46 Q0 CSIRO113-07282041 4875.14537558252
46 Q0 CSIRO116-04766989 4242.049825667042
46 Q0 CSIRO116-06096647 3537.641732906574
46 Q0 CSIRO125-00822119 3537.641732906574
46 Q0 CSIRO135-10418762 3537.641732906574
46 Q0 CSIRO130-11999758 3433.93758120323
46 Q0 CSIRO113-06313454 3241.0018353390724
46 Q0 CSIRO117-02558331 3162.6620064503973
46 Q0 CSIRO116-11642356 2796.3815078585485
47 Q0 CSIRO063-00587531 5333.206187197103
47 Q0 CSIRO063-12284524 5333.206187197103
47 Q0 CSIRO170-11009197 2801.5202311066614
47 Q0 CSIRO170-11243695 2354.0046283504844
47 Q0 CSIRO170-10689518 1855.2429831807895
47 Q0 CSIRO179-11087714 1375.2470875392046
47 Q0 CSIRO253-10899493 1206.4815727786297
47 Q0 CSIRO130-08278681 1048.493227478534
47 Q0 CSIRO253-10741310 997.0036883492292
47 Q0 CSIRO062-16620324 883.3172308716242
48 Q0 CSIRO266-04184084 609.1547637156699
48 Q0 CSIRO135-14406953 435.5240725539038
48 Q0 CSIRO135-09430735 380.9140472612
48 Q0 CSIRO131-16185860 365.2325086106961
48 Q0 CSIRO135-08674632 332.70179207126887
48 Q0 CSIRO135-09089936 287.911647652451
48 Q0 CSIRO136-05616841 231.90011348240114
48 Q0 CSIRO139-16754699 189.43685530498374
48 Q0 CSIRO135-12129360 155.73010883309382
48 Q0 CSIRO135-15050009 153.7924876295931
49 Q0 CSIRO147-03954897 1125.5434165666286
49 Q0 CSIRO147-05343118 478.35595204081716
49 Q0 CSIRO079-14748894 377.8610041330825
49 Q0 CSIRO119-07360331 357.7620145515355
49 Q0 CSIRO119-04833295 353.74221663522616
49 Q0 CSIRO147-07090007 337.6630249699886
49 Q0 CSIRO136-06623445 305.50464163951347
49 Q0 CSIRO120-00000860 285.40565205796656
49 Q0 CSIRO119-09054197 269.326460392729
49 Q0 CSIRO130-08278681 265.3066624764196
50 Q0 CSIRO119-16234099 844.2008476605358
50 Q0 CSIRO119-16158127 707.0572961709938
50 Q0 CSIRO119-07987816 677.5223087753836
50 Q0 CSIRO130-11999758 637.5083887330964
50 Q0 CSIRO119-09054197 522.5168973659157
50 Q0 CSIRO116-04482165 499.5883771732366
50 Q0 CSIRO119-16357130 474.3599814931342
50 Q0 CSIRO119-07360331 456.8634034900658
50 Q0 CSIRO130-10332504 441.32108887325006
50 Q0 CSIRO119-04466231 422.67621227777727
