1 Q0 CSIRO146-12947397 23.093890414756878
1 Q0 CSIRO146-14940582 22.55388553390495
1 Q0 CSIRO146-12887896 20.471569535918167
1 Q0 CSIRO146-14881306 19.899591641084793
1 Q0 CSIRO172-13504926 19.27806147638466
1 Q0 CSIRO135-14748804 19.142558766687415
1 Q0 CSIRO141-07462445 18.23336140603502
1 Q0 CSIRO064-16488224 17.72495998567607
1 Q0 CSIRO257-08981865 17.639093762316804
1 Q0 CSIRO257-08983806 17.535106985579652
2 Q0 CSIRO145-13743697 78.57016764865239
2 Q0 CSIRO100-12788599 77.25057792119213
2 Q0 CSIRO145-13752815 76.02143207726263
2 Q0 CSIRO147-00544211 74.29904464097775
2 Q0 CSIRO139-13102329 72.04910829814906
2 Q0 CSIRO147-00554535 70.30672659476838
2 Q0 CSIRO139-13111797 68.87826088930827
2 Q0 CSIRO139-06872540 60.99570187611953
2 Q0 CSIRO145-08728949 56.608121546017024
2 Q0 CSIRO139-06773941 56.48794729504286
3 Q0 CSIRO131-12508173 31.525805876323034
3 Q0 CSIRO141-10455905 23.714952668879285
3 Q0 CSIRO131-12850648 23.697895263105114
3 Q0 CSIRO138-11361097 23.66622078317819
3 Q0 CSIRO144-06180763 23.189241085132092
3 Q0 CSIRO138-11266752 22.863773677999525
3 Q0 CSIRO138-11579902 22.588649997482413
3 Q0 CSIRO144-06045005 22.537965348702798
3 Q0 CSIRO131-12476688 22.234455990289458
3 Q0 CSIRO138-11521101 21.799764766231853
4 Q0 CSIRO147-06230649 34.81299533010522
4 Q0 CSIRO132-08091628 34.73593025983207
4 Q0 CSIRO134-12866461 34.71739637358618
4 Q0 CSIRO132-08067591 33.996829388091356
4 Q0 CSIRO132-08043155 33.88873849147573
4 Q0 CSIRO135-04325157 32.090563618817754
4 Q0 CSIRO134-02180270 31.98012289937076
4 Q0 CSIRO135-04299446 31.94116091317688
4 Q0 CSIRO134-01985388 31.89028083672505
4 Q0 CSIRO113-10380595 31.887965644515237
5 Q0 CSIRO119-16070692 18.718758334995265
5 Q0 CSIRO172-04689387 17.395173183891657
5 Q0 CSIRO149-03084232 17.127068501368065
5 Q0 CSIRO265-15334962 17.018821681506942
5 Q0 CSIRO265-15347234 16.95264192155339
5 Q0 CSIRO172-04019896 16.81937223989155
5 Q0 CSIRO112-10221094 16.63132530463124
5 Q0 CSIRO127-09759917 16.50300611974203
5 Q0 CSIRO144-08949625 16.491644845734847
5 Q0 CSIRO172-05128582 16.48451028948883
6 Q0 CSIRO134-15377106 32.96151802027766
6 Q0 CSIRO131-12916507 32.75457678107283
6 Q0 CSIRO131-12872798 32.35554316939995
6 Q0 CSIRO133-03375296 32.023700740100054
6 Q0 CSIRO131-12508173 31.890041351158295
6 Q0 CSIRO133-03417702 31.817342591677495
6 Q0 CSIRO133-03394205 31.615300698938356
6 Q0 CSIRO130-02938345 31.38251553526939
6 Q0 CSIRO131-12476688 31.356150745654116
6 Q0 CSIRO135-01211798 31.317044072300423
7 Q0 CSIRO138-00368059 58.98142969043526
7 Q0 CSIRO138-00324936 48.78729570814701
7 Q0 CSIRO138-00000000 47.98254037655061
7 Q0 CSIRO145-04755872 45.44281085787734
7 Q0 CSIRO145-04767447 44.23334942164496
7 Q0 CSIRO140-14699594 44.07441244739013
7 Q0 CSIRO133-04881416 43.69973398886077
7 Q0 CSIRO140-14710325 41.8554258383161
7 Q0 CSIRO138-16031141 41.640344251383304
7 Q0 CSIRO265-14667001 41.55146521314876
8 Q0 CSIRO142-08429565 65.71915792420425
8 Q0 CSIRO145-04107048 63.15773429679438
8 Q0 CSIRO142-03623579 62.80596420617498
8 Q0 CSIRO145-04117894 61.3063475503682
8 Q0 CSIRO138-12731406 60.83680173153401
8 Q0 CSIRO142-03719362 60.46088650990789
8 Q0 CSIRO139-03645257 60.37386701009862
8 Q0 CSIRO139-03703207 59.6001065982461
8 Q0 CSIRO138-12671801 58.15276550116365
8 Q0 CSIRO138-16189157 55.512555838791954
9 Q0 CSIRO132-14671381 46.133940706084104
9 Q0 CSIRO134-13929113 44.15113984693038
9 Q0 CSIRO265-13712391 36.88629580378016
9 Q0 CSIRO144-13309868 35.71409720473266
9 Q0 CSIRO134-13986217 33.04570741883074
9 Q0 CSIRO139-10491807 33.03597638447376
9 Q0 CSIRO132-15176290 32.8260738490648
9 Q0 CSIRO132-16002378 32.318791401798684
9 Q0 CSIRO132-15574401 32.27580998497547
9 Q0 CSIRO132-15471722 32.05589173979119
10 Q0 CSIRO172-10642573 37.12785415232881
10 Q0 CSIRO172-02832559 34.14462589670306
10 Q0 CSIRO142-15505758 23.40109589697916
10 Q0 CSIRO133-14238022 22.95647337882309
10 Q0 CSIRO266-01942855 22.943073680904085
10 Q0 CSIRO172-11447828 20.422032199523258
10 Q0 CSIRO079-16690874 19.077527957861037
10 Q0 CSIRO140-16046244 18.2562772708357
10 Q0 CSIRO080-00859298 17.699594420487635
10 Q0 CSIRO253-08478085 17.67656797229639
11 Q0 CSIRO265-13737772 42.951490575164044
11 Q0 CSIRO136-10880273 37.98277099566021
11 Q0 CSIRO189-10363826 30.228707241407918
11 Q0 CSIRO265-13832808 29.85088287274404
11 Q0 CSIRO138-11714134 28.624834031784054
11 Q0 CSIRO138-02022096 27.96492278301626
11 Q0 CSIRO265-13723951 24.8379819985078
11 Q0 CSIRO138-11655457 23.15330803625038
11 Q0 CSIRO265-13765361 22.17084571319169
11 Q0 CSIRO136-10500499 21.24647450020055
12 Q0 CSIRO136-16721497 32.635555209376776
12 Q0 CSIRO136-16757594 30.881178734488532
12 Q0 CSIRO140-00487925 27.575191708763224
12 Q0 CSIRO140-00383584 26.61341480509808
12 Q0 CSIRO265-13544310 26.212702327939652
12 Q0 CSIRO145-14671195 26.16598868705272
12 Q0 CSIRO140-01343549 26.06315761876356
12 Q0 CSIRO140-01243844 25.576725903608097
12 Q0 CSIRO145-14681280 25.06809379436432
12 Q0 CSIRO137-05279930 23.221599900062373
13 Q0 CSIRO172-15985711 49.48387283837629
13 Q0 CSIRO145-08467429 44.40310634285646
13 Q0 CSIRO145-08477954 41.80645990199813
13 Q0 CSIRO145-11099403 39.85298843648948
13 Q0 CSIRO145-11110519 38.37807804696834
13 Q0 CSIRO100-12641502 29.860604611767663
13 Q0 CSIRO100-13400672 28.93986872090254
13 Q0 CSIRO172-15965679 28.66368958980675
13 Q0 CSIRO145-13809452 28.52917563349034
13 Q0 CSIRO140-16431850 28.518120124494754
14 Q0 CSIRO145-05763015 37.47122836674127
14 Q0 CSIRO142-09040603 37.442776072179015
14 Q0 CSIRO143-02526342 37.4265383923528
14 Q0 CSIRO142-08955593 36.12952967060436
14 Q0 CSIRO133-14454170 35.914370885858574
14 Q0 CSIRO145-05770980 35.69551875253498
14 Q0 CSIRO142-00665671 34.0530993257098
14 Q0 CSIRO142-14494983 33.197460674450824
14 Q0 CSIRO255-01000792 33.16295243357891
14 Q0 CSIRO145-06022994 31.820430630804125
15 Q0 CSIRO148-02601824 49.346275182898395
15 Q0 CSIRO148-02474678 41.136806993240455
15 Q0 CSIRO138-16386146 26.247331101459764
15 Q0 CSIRO127-02632758 25.33094895408828
15 Q0 CSIRO127-02589757 24.957621192418266
15 Q0 CSIRO138-16292222 24.922060419209416
15 Q0 CSIRO126-16700093 24.168111258463973
15 Q0 CSIRO126-16771822 24.168111258463973
15 Q0 CSIRO126-08166550 23.624535958804195
15 Q0 CSIRO126-08177042 23.624535958804195
16 Q0 CSIRO144-13414042 24.031535468997117
16 Q0 CSIRO144-13425706 23.52600793264949
16 Q0 CSIRO063-01166546 12.619375524944504
16 Q0 CSIRO063-16638317 12.50682643364623
16 Q0 CSIRO063-11749221 12.01754082158026
16 Q0 CSIRO063-06270299 11.999452930784724
16 Q0 CSIRO063-03137593 11.933421691990837
16 Q0 CSIRO063-06586016 11.925659785351819
16 Q0 CSIRO063-01410128 11.910707414357999
16 Q0 CSIRO170-14708039 11.838988335509327
17 Q0 CSIRO136-16410735 33.28826392220083
17 Q0 CSIRO191-08037400 32.123812701308545
17 Q0 CSIRO146-15768808 31.28549772301298
17 Q0 CSIRO146-15778903 28.574687183818277
17 Q0 CSIRO191-02092256 26.59269903651118
17 Q0 CSIRO127-01745281 21.839665185092706
17 Q0 CSIRO100-10263479 21.678448956840825
17 Q0 CSIRO100-10310221 21.6667150041076
17 Q0 CSIRO126-12228999 20.975557386492003
17 Q0 CSIRO126-12361974 20.817828676109045
18 Q0 CSIRO265-04518060 35.51462263685072
18 Q0 CSIRO144-04701637 34.39079384085382
18 Q0 CSIRO144-04721087 34.39079384085382
18 Q0 CSIRO144-04740532 34.39079384085382
18 Q0 CSIRO144-04793450 34.39079384085382
18 Q0 CSIRO144-04812896 34.39079384085382
18 Q0 CSIRO144-05063857 34.39079384085382
18 Q0 CSIRO144-04854514 34.31835845659282
18 Q0 CSIRO144-04905894 34.31835845659282
18 Q0 CSIRO144-04925349 34.31835845659282
19 Q0 CSIRO126-10496430 20.69781952982552
19 Q0 CSIRO174-11127949 17.793483011793732
19 Q0 CSIRO174-11139912 16.62549652661496
19 Q0 CSIRO135-08674632 3.687176975241128
20 Q0 CSIRO112-08688255 38.932075852375405
20 Q0 CSIRO112-08356390 38.81738649582224
20 Q0 CSIRO145-00317757 32.935640735845936
20 Q0 CSIRO145-00327347 32.744145367795866
20 Q0 CSIRO174-08312449 31.08512349766989
20 Q0 CSIRO132-01989416 30.660033080082037
20 Q0 CSIRO174-08320308 30.581639665016308
20 Q0 CSIRO132-01847573 29.999346512056555
20 Q0 CSIRO132-01865294 29.999346512056555
20 Q0 CSIRO132-01883008 29.999346512056555
21 Q0 CSIRO082-13878470 26.66942165245746
21 Q0 CSIRO082-13893860 24.77134744668395
21 Q0 CSIRO082-14264316 24.279111721994035
21 Q0 CSIRO148-08623825 22.49096907909687
21 Q0 CSIRO082-14242395 21.996552149159236
21 Q0 CSIRO148-05870359 21.93590521517882
21 Q0 CSIRO148-05768694 21.904542479785455
21 Q0 CSIRO137-03056532 21.34795999960624
21 Q0 CSIRO117-06802164 20.01345556743491
21 Q0 CSIRO140-05166061 19.854885097495345
22 Q0 CSIRO129-05967640 40.342809003211116
22 Q0 CSIRO129-05824610 39.09891683843691
22 Q0 CSIRO129-06064522 36.73129272582456
22 Q0 CSIRO100-12513997 36.070055638628546
22 Q0 CSIRO127-10514597 27.135814428247173
22 Q0 CSIRO128-02519003 27.135814428247173
22 Q0 CSIRO137-03521572 25.765304469831968
22 Q0 CSIRO129-05942336 25.226787159716874
22 Q0 CSIRO129-05872876 25.14654056526683
22 Q0 CSIRO129-13385782 24.333275506861135
23 Q0 CSIRO134-03452581 26.07013374505403
23 Q0 CSIRO134-03328835 25.952045959330935
23 Q0 CSIRO135-04970609 25.819921276066992
23 Q0 CSIRO135-04905068 25.81363967033447
23 Q0 CSIRO133-14020219 25.655813328507925
23 Q0 CSIRO135-02659526 25.655813328507925
23 Q0 CSIRO134-03374868 24.87045878463115
23 Q0 CSIRO135-04928940 24.87045878463115
23 Q0 CSIRO134-03537452 24.593726242560017
23 Q0 CSIRO135-05015670 24.593726242560017
24 Q0 CSIRO135-03116663 69.5784402358968
24 Q0 CSIRO133-14909186 69.14745839450634
24 Q0 CSIRO135-02632945 68.0905068042117
24 Q0 CSIRO146-07759652 67.45588879612355
24 Q0 CSIRO146-07694552 67.07881100261054
24 Q0 CSIRO133-15144945 66.5501992810201
24 Q0 CSIRO135-03166176 66.5501992810201
24 Q0 CSIRO146-07778740 66.27999407431331
24 Q0 CSIRO146-07723091 66.17546030353759
24 Q0 CSIRO135-06252029 63.87193100570923
25 Q0 CSIRO093-05960975 27.99529529860521
25 Q0 CSIRO126-03372455 25.735516547635108
25 Q0 CSIRO139-08735693 25.646492864657667
25 Q0 CSIRO093-05955853 25.55535129975881
25 Q0 CSIRO066-06539820 25.49029505488274
25 Q0 CSIRO135-03897529 25.43258311305916
25 Q0 CSIRO134-00130642 25.34513733196077
25 Q0 CSIRO135-03977796 25.02327905220326
25 Q0 CSIRO093-05967576 24.808639859852562
25 Q0 CSIRO135-04004321 24.68574038797832
26 Q0 CSIRO095-04334926 39.43652252953531
26 Q0 CSIRO095-09862411 38.2972454069062
26 Q0 CSIRO093-16390144 37.46610612432114
26 Q0 CSIRO095-12211510 36.99250848920796
26 Q0 CSIRO066-03730253 36.78980626513491
26 Q0 CSIRO095-09834387 36.63092280069165
26 Q0 CSIRO095-09630305 36.21854938054254
26 Q0 CSIRO095-12775209 35.150878764436655
26 Q0 CSIRO095-04141791 34.37110562599811
26 Q0 CSIRO174-08969722 34.277988556491856
28 Q0 CSIRO138-00516887 63.540398777727816
28 Q0 CSIRO137-09980442 62.7719227382253
28 Q0 CSIRO136-07850539 58.97192737448496
28 Q0 CSIRO136-07852688 58.97192737448496
28 Q0 CSIRO136-07854836 58.97192737448496
28 Q0 CSIRO136-07856984 58.97192737448496
28 Q0 CSIRO137-08631829 42.81284643938559
28 Q0 CSIRO136-07288718 41.49507034017733
28 Q0 CSIRO136-07291930 41.49507034017733
28 Q0 CSIRO137-10791903 36.42432796126731
29 Q0 CSIRO145-09132761 42.065919089573335
29 Q0 CSIRO145-09143331 41.60187138760923
29 Q0 CSIRO145-02664093 40.29120940219053
29 Q0 CSIRO136-08905097 39.16760972404365
29 Q0 CSIRO138-09714038 38.61167652851205
29 Q0 CSIRO145-02653126 38.477255184418745
29 Q0 CSIRO138-09664611 37.242438196698075
29 Q0 CSIRO141-09892358 33.83599221121146
29 Q0 CSIRO135-15750375 33.579768819087214
29 Q0 CSIRO144-02418850 33.02971158501282
30 Q0 CSIRO147-01506317 26.06383804321539
30 Q0 CSIRO147-01516588 25.33510765345882
30 Q0 CSIRO093-09250877 23.5805535952203
30 Q0 CSIRO093-09268584 23.33246323259054
30 Q0 CSIRO093-09231227 20.05941311829832
30 Q0 CSIRO093-09282651 19.911619629800693
30 Q0 CSIRO093-09349472 19.81965707215275
30 Q0 CSIRO096-00096605 16.166440640164137
30 Q0 CSIRO136-15458618 15.992889814388981
30 Q0 CSIRO144-16204081 15.2917866357105
31 Q0 CSIRO146-16714478 26.29243549563582
31 Q0 CSIRO146-16723121 23.545929923957296
31 Q0 CSIRO265-12972466 14.319847263528013
31 Q0 CSIRO126-10226369 11.073338179077481
31 Q0 CSIRO126-10306002 10.92715483931645
31 Q0 CSIRO138-10271152 10.170398138602156
31 Q0 CSIRO134-12552008 8.95064572330077
31 Q0 CSIRO134-15483357 8.491529625823501
31 Q0 CSIRO133-04000254 8.336042168488873
31 Q0 CSIRO134-15511131 8.336042168488873
32 Q0 CSIRO082-09304288 37.321287582784066
32 Q0 CSIRO173-09501208 36.194361780110036
32 Q0 CSIRO082-09309890 35.42083399821199
32 Q0 CSIRO082-09287330 35.153299122965336
32 Q0 CSIRO082-09128806 33.93332668530564
32 Q0 CSIRO112-08346852 33.632158460974715
32 Q0 CSIRO082-09133172 33.093720759154905
32 Q0 CSIRO082-09314660 33.03186125945312
32 Q0 CSIRO082-09219399 33.03183531572815
32 Q0 CSIRO082-09247733 32.58929059379679
33 Q0 CSIRO149-01122265 46.49383747173679
33 Q0 CSIRO148-13539697 45.906253937479384
33 Q0 CSIRO150-15719731 44.0634793474811
33 Q0 CSIRO151-02186191 43.75988106190501
33 Q0 CSIRO151-03465778 43.75988106190501
33 Q0 CSIRO149-05877221 43.70475975032887
33 Q0 CSIRO149-10333919 43.70475975032887
33 Q0 CSIRO150-11490634 43.70475975032887
33 Q0 CSIRO151-04397156 43.70475975032887
33 Q0 CSIRO149-04542356 43.63163972459202
34 Q0 CSIRO117-07988716 31.660146069063856
34 Q0 CSIRO064-15834391 24.640384956479814
34 Q0 CSIRO131-14361754 17.41278183114693
34 Q0 CSIRO138-14335212 17.268778115718824
34 Q0 CSIRO136-10303052 17.1464729867308
34 Q0 CSIRO177-07772027 16.81713481853839
34 Q0 CSIRO178-11618120 16.61602292425615
34 Q0 CSIRO178-11620792 16.578797104693088
34 Q0 CSIRO138-14241750 16.507409352257966
34 Q0 CSIRO179-02823223 16.495645807974743
35 Q0 CSIRO113-00255322 29.511747678441623
35 Q0 CSIRO137-09269452 29.044989393240733
35 Q0 CSIRO113-00108147 17.5747736723972
35 Q0 CSIRO141-01433038 10.583684345264338
35 Q0 CSIRO144-12335500 8.785236980262441
35 Q0 CSIRO141-01443007 7.680389617133415
35 Q0 CSIRO140-16234022 7.373231118043477
35 Q0 CSIRO113-00340117 6.62802899522883
35 Q0 CSIRO112-05025993 6.339899864607376
35 Q0 CSIRO111-16597410 2.9314914227053572
36 Q0 CSIRO150-15481655 28.1420482800256
36 Q0 CSIRO157-02531696 27.26979039049678
36 Q0 CSIRO149-00979277 26.517424483889105
36 Q0 CSIRO149-08071335 26.517424483889105
36 Q0 CSIRO150-14077588 26.517424483889105
36 Q0 CSIRO157-01571744 25.82814822964408
36 Q0 CSIRO150-14087050 24.771680188938788
36 Q0 CSIRO137-12288776 23.584421984230637
36 Q0 CSIRO137-12324651 22.98237322759307
36 Q0 CSIRO139-01240247 22.800308779357827
37 Q0 CSIRO149-16076139 36.61968359581206
37 Q0 CSIRO145-09590550 32.77041796350899
37 Q0 CSIRO141-05657449 32.44854234651444
37 Q0 CSIRO145-09602662 32.140738316451355
37 Q0 CSIRO141-05561143 31.937443947500597
37 Q0 CSIRO115-10879386 31.27745230384993
37 Q0 CSIRO125-00193519 30.64693501966731
37 Q0 CSIRO144-14055208 30.527422932747704
37 Q0 CSIRO125-00116825 30.429448667615915
37 Q0 CSIRO115-10855128 30.262408906555606
38 Q0 CSIRO115-09003065 30.536533796062912
38 Q0 CSIRO063-10471088 25.21703380948311
38 Q0 CSIRO132-02153783 24.708650757786472
38 Q0 CSIRO132-02086145 24.588393253084448
38 Q0 CSIRO134-11930173 24.411812213122722
38 Q0 CSIRO132-02107795 23.679427995849927
38 Q0 CSIRO132-02042911 23.354815596765828
38 Q0 CSIRO132-02133483 23.354815596765828
38 Q0 CSIRO132-02191604 23.354815596765828
38 Q0 CSIRO132-02063217 23.19571249448164
39 Q0 CSIRO141-07066140 47.23481878359587
39 Q0 CSIRO141-07073784 42.68786882654825
39 Q0 CSIRO141-07077478 42.68786882654825
39 Q0 CSIRO136-00192735 42.37102367903309
39 Q0 CSIRO171-00948078 42.37102367903309
39 Q0 CSIRO171-01956375 40.41303849782866
39 Q0 CSIRO141-06588641 38.2792684919299
39 Q0 CSIRO136-12841490 37.77893533094402
39 Q0 CSIRO141-14983789 36.557019473620116
39 Q0 CSIRO141-16529302 36.33885551683562
40 Q0 CSIRO137-09660944 31.5030301849473
40 Q0 CSIRO141-04378409 31.443525778407157
40 Q0 CSIRO141-04317784 30.47774171788393
40 Q0 CSIRO182-09930972 30.464257482707904
40 Q0 CSIRO182-03249607 30.445593852984995
40 Q0 CSIRO182-03271177 30.42422617410263
40 Q0 CSIRO182-03553051 30.346031871033283
40 Q0 CSIRO182-03573683 30.33323133479638
40 Q0 CSIRO182-02885674 30.29365197219347
40 Q0 CSIRO182-02860644 30.262534081815
41 Q0 CSIRO133-13317794 39.47931706455933
41 Q0 CSIRO133-13057017 39.15819796279505
41 Q0 CSIRO135-02477715 39.157230320814485
41 Q0 CSIRO133-13238587 38.998298217463955
41 Q0 CSIRO133-13136170 38.66953793799409
41 Q0 CSIRO133-13197511 38.26249691152611
41 Q0 CSIRO133-13078520 38.06513741381245
41 Q0 CSIRO133-13097740 38.06513741381245
41 Q0 CSIRO133-13116954 38.06513741381245
41 Q0 CSIRO133-13159078 38.06513741381245
42 Q0 CSIRO082-14470515 22.996609429931944
42 Q0 CSIRO082-14447167 21.72338899285607
42 Q0 CSIRO136-11343916 19.92041091035922
42 Q0 CSIRO185-01767219 18.92120945759777
42 Q0 CSIRO121-14619334 18.04358647808672
42 Q0 CSIRO121-14620243 18.04358647808672
42 Q0 CSIRO121-14621152 18.04358647808672
42 Q0 CSIRO121-14622061 18.04358647808672
42 Q0 CSIRO121-14622970 18.04358647808672
42 Q0 CSIRO121-14623879 18.04358647808672
43 Q0 CSIRO147-01333310 29.069288768920998
43 Q0 CSIRO146-15698446 28.02286050605035
43 Q0 CSIRO147-01342115 27.747869705914106
43 Q0 CSIRO146-15707783 26.762243994467973
43 Q0 CSIRO144-16165505 25.7493793596836
43 Q0 CSIRO144-16177407 25.216024246923276
43 Q0 CSIRO139-04042631 19.29903789986169
43 Q0 CSIRO265-14042869 19.285477550394862
43 Q0 CSIRO139-03983125 18.5011241553108
43 Q0 CSIRO136-00019753 17.392428660441173
44 Q0 CSIRO131-15724359 26.223423682561368
44 Q0 CSIRO131-15686987 26.06717303223752
44 Q0 CSIRO131-15699882 24.683954621191326
44 Q0 CSIRO137-02206681 24.574259070972566
44 Q0 CSIRO137-04565592 23.955545755027828
44 Q0 CSIRO145-16299852 23.5381809364375
44 Q0 CSIRO145-16310991 23.315104941911002
44 Q0 CSIRO137-07052741 22.585747708697383
44 Q0 CSIRO136-16359489 22.468114080888363
44 Q0 CSIRO145-11241528 22.459875788736312
45 Q0 CSIRO147-06256652 49.6120377224691
45 Q0 CSIRO104-12120934 21.92524990948871
45 Q0 CSIRO147-10331048 21.653716836010982
45 Q0 CSIRO119-13048487 19.291075127027263
45 Q0 CSIRO131-13573420 18.578818342192427
45 Q0 CSIRO147-11457087 17.36726350556348
45 Q0 CSIRO234-16492647 16.643631531832177
45 Q0 CSIRO235-00091082 16.438878966900198
45 Q0 CSIRO100-03777324 15.723836248585473
45 Q0 CSIRO129-08274176 15.607815499359495
46 Q0 CSIRO136-08312447 30.069391029102395
46 Q0 CSIRO113-06236236 25.539053344105646
46 Q0 CSIRO117-10650236 25.434294036769927
46 Q0 CSIRO113-07739233 24.541936081995512
46 Q0 CSIRO117-09168843 24.45142889667393
46 Q0 CSIRO145-10738768 24.121048484970984
46 Q0 CSIRO117-10631347 24.11409117688275
46 Q0 CSIRO118-15916436 24.106993326771125
46 Q0 CSIRO117-02558331 23.954170662097823
46 Q0 CSIRO113-06313454 23.9281841965637
47 Q0 CSIRO142-08418287 40.49147788857655
47 Q0 CSIRO142-09243807 39.956772740934426
47 Q0 CSIRO142-08358135 39.835596579480494
47 Q0 CSIRO142-09147441 39.555269906431704
47 Q0 CSIRO145-01065122 37.75419541415371
47 Q0 CSIRO145-01076966 37.36581971023442
47 Q0 CSIRO140-13510391 35.06904881414057
47 Q0 CSIRO140-10973662 34.816560110341754
47 Q0 CSIRO138-10551707 34.78459401123176
47 Q0 CSIRO140-10985428 33.350325751059174
48 Q0 CSIRO145-10624084 30.24973130095309
48 Q0 CSIRO145-10634137 29.35869360018942
48 Q0 CSIRO146-06407327 25.633533503389287
48 Q0 CSIRO140-00039089 25.00060948260652
48 Q0 CSIRO139-16754699 24.22166713641196
48 Q0 CSIRO146-04501896 23.428333422290386
48 Q0 CSIRO138-03611465 23.330262799365464
48 Q0 CSIRO145-09420609 21.902616579200586
48 Q0 CSIRO145-09412278 21.038704320352537
48 Q0 CSIRO146-04487563 20.948017288697955
49 Q0 CSIRO120-01949967 22.778765037659582
49 Q0 CSIRO088-09723762 20.461302536855243
49 Q0 CSIRO088-09705785 19.990235654566423
49 Q0 CSIRO147-02010088 18.422200332540818
49 Q0 CSIRO147-05597681 16.960220952939363
49 Q0 CSIRO145-02807353 16.493925219117507
49 Q0 CSIRO144-16021163 16.32481455779985
49 Q0 CSIRO145-02817415 16.30268944161839
49 Q0 CSIRO119-14858830 16.232754301609823
49 Q0 CSIRO144-16031155 16.118353451976112
50 Q0 CSIRO132-01583924 40.682878289608055
50 Q0 CSIRO134-11855437 40.49556029574085
50 Q0 CSIRO132-01514454 39.19882448346944
50 Q0 CSIRO132-01531832 39.19882448346944
50 Q0 CSIRO132-01549201 39.19882448346944
50 Q0 CSIRO132-01566557 39.19882448346944
50 Q0 CSIRO132-01615773 39.19882448346944
50 Q0 CSIRO132-01633147 39.19882448346944
50 Q0 CSIRO132-01650507 39.19882448346944
50 Q0 CSIRO132-01667901 39.19882448346944
