1 0.6213592791042991
10 0.25
11 0.14475380389343057
12 0.0
13 0.08428442564642841
14 0.2559276172443025
15 0.09515663188532464
16 0.0
17 0.0
18 0.3727702982272349
19 0.09515663188532464
2 0.5854779962801565
20 0.09950982965219826
21 0.5920827550740548
22 0.6800228547411862
23 0.0
24 0.12347490489631417
25 0.0
26 0.0
27 0.0
28 0.636736763473976
29 0.7621084202866885
3 0.0
30 0.1414141727007335
31 0.6180279794272685
32 0.0
33 0.4291626359511235
34 0.6289218303653599
35 0.5854174817408269
36 0.5563179920985948
37 0.06779095235709004
38 0.2823878452952396
39 0.9413364243631128
4 0.7425379969810959
40 0.23208984513363956
41 0.0
42 0.2688761208829876
43 0.8096867362293507
44 0.21523093249752012
45 0.04203572274298471
46 0.5860648938340698
47 0.0
48 0.06343775459021642
49 0.27389450813440736
5 0.6772344824334545
50 0.41234540483640675
6 0.0
7 0.966104523821455
8 1.0
9 0.45059362022973337
